<html>
<body>
<pre>
<h1>µVision Build Log</h1>
<h2>Tool Versions:</h2>
IDE-Version: ¶ÃVision V5.36.0.0
Copyright (C) 2021 ARM Ltd and ARM Germany GmbH. All rights reserved.
License Information: 1 Administrator, Administrator, LIC=TIVNB-20E15-HLDCL-0MZLL-EZBPY-08WV8
 
Tool Versions:
Toolchain:       MDK-ARM Plus  Version: 5.36.0.0
Toolchain Path:  D:\Keil_v5\ARM\ARMCC\Bin
C Compiler:      Armcc.exe V5.06 update 7 (build 960)
Assembler:       Armasm.exe V5.06 update 7 (build 960)
Linker/Locator:  ArmLink.exe V5.06 update 7 (build 960)
Library Manager: ArmAr.exe V5.06 update 7 (build 960)
Hex Converter:   FromElf.exe V5.06 update 7 (build 960)
CPU DLL:         SARMCM3.DLL V5.36.0.0
Dialog DLL:      DCM.DLL V1.17.3.0
Target DLL:      CMSIS_AGDI.dll V1.33.0.0
Dialog DLL:      TCM.DLL V1.53.0.0
 
<h2>Project:</h2>
E:\Msp432Space\Msp432Car_Keil\keil\timer_a_upmode_gpio_toggle.uvprojx
Project File Date:  05/04/2023

<h2>Output:</h2>
*** Using Compiler 'V5.06 update 7 (build 960)', folder: 'D:\Keil_v5\ARM\ARMCC\Bin'
Build target 'Msp432Car'
compiling Msp432CarMain.c...
..\lib\timA.h(51): warning:  #1295-D: Deprecated declaration TimA0_4_PWM_Init - give arg types
  void TimA0_4_PWM_Init();
..\lib\timA.h(53): warning:  #1295-D: Deprecated declaration TimA0_4_PWM_stop - give arg types
  void TimA0_4_PWM_stop();
..\lib\timA.h(56): warning:  #1295-D: Deprecated declaration TimA1_4_PWM_Init - give arg types
  void TimA1_4_PWM_Init();
..\lib\timA.h(58): warning:  #1295-D: Deprecated declaration TimA1_4_PWM_stop - give arg types
  void TimA1_4_PWM_stop();
..\lib\timA.h(63): warning:  #1295-D: Deprecated declaration read_us_values - give arg types
  void read_us_values();
..\lib\timA.h(65): warning:  #1295-D: Deprecated declaration i2c_init - give arg types
  void i2c_init();
..\Msp432CarMain.c(12): warning:  #1295-D: Deprecated declaration motor_pinint - give arg types
  void motor_pinint();    //ÂàùÂßãÂåñÁîµÊú∫ÂºïËÑ?
..\Msp432CarMain.c(13): warning:  #1295-D: Deprecated declaration start - give arg types
  void start();           //ÂºÄËΩ?
..\Msp432CarMain.c(14): warning:  #1295-D: Deprecated declaration stop - give arg types
  void stop();            //ÂÅúËΩ¶
..\Msp432CarMain.c(19): warning:  #940-D: missing return statement at end of non-void function "fputc" 
  }
..\Msp432CarMain.c: 10 warnings, 0 errors
compiling timA.c...
..\lib\timA.h(51): warning:  #1295-D: Deprecated declaration TimA0_4_PWM_Init - give arg types
  void TimA0_4_PWM_Init();
..\lib\timA.h(53): warning:  #1295-D: Deprecated declaration TimA0_4_PWM_stop - give arg types
  void TimA0_4_PWM_stop();
..\lib\timA.h(56): warning:  #1295-D: Deprecated declaration TimA1_4_PWM_Init - give arg types
  void TimA1_4_PWM_Init();
..\lib\timA.h(58): warning:  #1295-D: Deprecated declaration TimA1_4_PWM_stop - give arg types
  void TimA1_4_PWM_stop();
..\lib\timA.h(63): warning:  #1295-D: Deprecated declaration read_us_values - give arg types
  void read_us_values();
..\lib\timA.h(65): warning:  #1295-D: Deprecated declaration i2c_init - give arg types
  void i2c_init();
..\lib\timA.c(297): warning:  #1035-D: single-precision operand implicitly converted to double-precision
  		distance=((float)count / 58.0);	
..\lib\timA.c(350): warning:  #1035-D: single-precision operand implicitly converted to double-precision
  	if (usValue < 50.0){
..\lib\timA.c: 8 warnings, 0 errors
linking...
Program Size: Code=4996 RO-data=392 RW-data=236 ZI-data=516  
After Build - User command #1: fromelf --bin --output .\Build\timer_a_upmode_gpio_toggle.bin .\Build\timer_a_upmode_gpio_toggle.axf
".\Build\timer_a_upmode_gpio_toggle.axf" - 0 Error(s), 18 Warning(s).

<h2>Software Packages used:</h2>

Package Vendor: ARM
                http://www.keil.com/pack/ARM.CMSIS.5.8.0.pack
                ARM.CMSIS.5.8.0
                CMSIS (Common Microcontroller Software Interface Standard)
   * Component: CORE Version: 5.5.0

Package Vendor: TexasInstruments
                http://software-dl.ti.com/msp430/msp430_public_sw/mcu/msp430/msp432cmsis/latest/exports/TexasInstruments.MSP432P4xx_DFP.3.2.6.pack
                TexasInstruments.MSP432P4xx_DFP.3.2.6
                Device Family Pack for Texas Instruments SimpleLink(TM) MSP432 Series
   * Component: Startup Version: 3.2.2

<h2>Collection of Component include folders:</h2>
  .\RTE\_Msp432Car
  C:\Users\22347\AppData\Local\Arm\Packs\ARM\CMSIS\5.8.0\CMSIS\Core\Include
  C:\Users\22347\AppData\Local\Arm\Packs\TexasInstruments\MSP432P4xx_DFP\3.2.6\Device\Include

<h2>Collection of Component Files used:</h2>

   * Component: ARM::CMSIS:CORE:5.5.0

   * Component: TexasInstruments::Device:Startup:3.2.2
      Include file:  Device\Include\msp_compatibility.h
      Source file:   Device\Source\startup_msp432p401r_uvision.s
      Source file:   Examples\BlinkLED\blinkLED.c
      Source file:   Device\Source\system_msp432p401r.c
      Source file:   Examples\EmptyMain\main.c
Build Time Elapsed:  00:00:01
</pre>
</body>
</html>
